--------------------------------------------------------------------------------
Release 14.7 Trace  (nt)
Copyright (c) 1995-2013 Xilinx, Inc.  All rights reserved.

C:\Xilinx\14.7\ISE_DS\ISE\bin\nt\unwrapped\trce.exe -intstyle ise -v 3 -s 3 -n
3 -fastpaths -xml socmf.twx socmf.ncd -o socmf.twr socmf.pcf -ucf
Nexys3_master.ucf

Design file:              socmf.ncd
Physical constraint file: socmf.pcf
Device,package,speed:     xc6slx16,csg324,C,-3 (PRODUCTION 1.23 2013-10-13)
Report level:             verbose report

Environment Variable      Effect 
--------------------      ------ 
NONE                      No environment variables were set
--------------------------------------------------------------------------------

INFO:Timing:3412 - To improve timing, see the Timing Closure User Guide (UG612).
INFO:Timing:2752 - To get complete path coverage, use the unconstrained paths 
   option. All paths that are not constrained will be reported in the 
   unconstrained paths section(s) of the report.
INFO:Timing:3339 - The clock-to-out numbers in this timing report are based on 
   a 50 Ohm transmission line loading model.  For the details of this model, 
   and for more information on accounting for different loading conditions, 
   please see the device datasheet.

================================================================================
Timing constraint: TS_sys_clk_pin = PERIOD TIMEGRP "sys_clk_pin" 100 MHz HIGH 
50%;
For more information, see Period Analysis in the Timing Closure User Guide (UG612).

 5324 paths analyzed, 390 endpoints analyzed, 0 failing endpoints
 0 timing errors detected. (0 setup errors, 0 hold errors, 0 component switching limit errors)
 Minimum period is   8.220ns.
--------------------------------------------------------------------------------

Paths for end point U9/counter_3 (SLICE_X37Y24.D3), 12 paths
--------------------------------------------------------------------------------
Slack (setup path):     1.780ns (requirement - (data path - clock path skew + uncertainty))
  Source:               U9/sw_temp_6 (FF)
  Destination:          U9/counter_3 (FF)
  Requirement:          10.000ns
  Data Path Delay:      8.215ns (Levels of Logic = 4)
  Clock Path Skew:      0.030ns (0.373 - 0.343)
  Source Clock:         clk_BUFGP rising at 0.000ns
  Destination Clock:    clk_BUFGP rising at 10.000ns
  Clock Uncertainty:    0.035ns

  Clock Uncertainty:          0.035ns  ((TSJ^2 + TIJ^2)^1/2 + DJ) / 2 + PE
    Total System Jitter (TSJ):  0.070ns
    Total Input Jitter (TIJ):   0.000ns
    Discrete Jitter (DJ):       0.000ns
    Phase Error (PE):           0.000ns

  Maximum Data Path at Slow Process Corner: U9/sw_temp_6 to U9/counter_3
    Location             Delay type         Delay(ns)  Physical Resource
                                                       Logical Resource(s)
    -------------------------------------------------  -------------------
    SLICE_X18Y6.CMUX     Tshcko                0.488   U9/sw_temp<3>
                                                       U9/sw_temp_6
    SLICE_X19Y6.D4       net (fanout=1)        0.863   U9/sw_temp<6>
    SLICE_X19Y6.D        Tilo                  0.259   SW_OK<7>
                                                       U9/counter_cmp_ne0001113
    SLICE_X18Y6.B3       net (fanout=1)        0.365   U9/counter_cmp_ne0001113
    SLICE_X18Y6.B        Tilo                  0.203   U9/sw_temp<3>
                                                       U9/counter_cmp_ne0001164
    SLICE_X29Y46.A6      net (fanout=2)        2.984   U9/counter_cmp_ne0001
    SLICE_X29Y46.A       Tilo                  0.259   U9/rst_counter<1>
                                                       U9/counter_or00001
    SLICE_X37Y24.D3      net (fanout=64)       2.472   U9/counter_or0000
    SLICE_X37Y24.CLK     Tas                   0.322   U9/counter<3>
                                                       U9/counter_3_rstpot
                                                       U9/counter_3
    -------------------------------------------------  ---------------------------
    Total                                      8.215ns (1.531ns logic, 6.684ns route)
                                                       (18.6% logic, 81.4% route)

--------------------------------------------------------------------------------
Slack (setup path):     1.824ns (requirement - (data path - clock path skew + uncertainty))
  Source:               U9/sw_temp_1 (FF)
  Destination:          U9/counter_3 (FF)
  Requirement:          10.000ns
  Data Path Delay:      8.171ns (Levels of Logic = 4)
  Clock Path Skew:      0.030ns (0.373 - 0.343)
  Source Clock:         clk_BUFGP rising at 0.000ns
  Destination Clock:    clk_BUFGP rising at 10.000ns
  Clock Uncertainty:    0.035ns

  Clock Uncertainty:          0.035ns  ((TSJ^2 + TIJ^2)^1/2 + DJ) / 2 + PE
    Total System Jitter (TSJ):  0.070ns
    Total Input Jitter (TIJ):   0.000ns
    Discrete Jitter (DJ):       0.000ns
    Phase Error (PE):           0.000ns

  Maximum Data Path at Slow Process Corner: U9/sw_temp_1 to U9/counter_3
    Location             Delay type         Delay(ns)  Physical Resource
                                                       Logical Resource(s)
    -------------------------------------------------  -------------------
    SLICE_X18Y6.BQ       Tcko                  0.447   U9/sw_temp<3>
                                                       U9/sw_temp_1
    SLICE_X18Y6.A2       net (fanout=1)        0.430   U9/sw_temp<1>
    SLICE_X18Y6.A        Tilo                  0.203   U9/sw_temp<3>
                                                       U9/counter_cmp_ne000132
    SLICE_X18Y6.B5       net (fanout=1)        0.851   U9/counter_cmp_ne000132/O
    SLICE_X18Y6.B        Tilo                  0.203   U9/sw_temp<3>
                                                       U9/counter_cmp_ne0001164
    SLICE_X29Y46.A6      net (fanout=2)        2.984   U9/counter_cmp_ne0001
    SLICE_X29Y46.A       Tilo                  0.259   U9/rst_counter<1>
                                                       U9/counter_or00001
    SLICE_X37Y24.D3      net (fanout=64)       2.472   U9/counter_or0000
    SLICE_X37Y24.CLK     Tas                   0.322   U9/counter<3>
                                                       U9/counter_3_rstpot
                                                       U9/counter_3
    -------------------------------------------------  ---------------------------
    Total                                      8.171ns (1.434ns logic, 6.737ns route)
                                                       (17.5% logic, 82.5% route)

--------------------------------------------------------------------------------
Slack (setup path):     1.978ns (requirement - (data path - clock path skew + uncertainty))
  Source:               U9/sw_temp_2 (FF)
  Destination:          U9/counter_3 (FF)
  Requirement:          10.000ns
  Data Path Delay:      8.017ns (Levels of Logic = 4)
  Clock Path Skew:      0.030ns (0.373 - 0.343)
  Source Clock:         clk_BUFGP rising at 0.000ns
  Destination Clock:    clk_BUFGP rising at 10.000ns
  Clock Uncertainty:    0.035ns

  Clock Uncertainty:          0.035ns  ((TSJ^2 + TIJ^2)^1/2 + DJ) / 2 + PE
    Total System Jitter (TSJ):  0.070ns
    Total Input Jitter (TIJ):   0.000ns
    Discrete Jitter (DJ):       0.000ns
    Phase Error (PE):           0.000ns

  Maximum Data Path at Slow Process Corner: U9/sw_temp_2 to U9/counter_3
    Location             Delay type         Delay(ns)  Physical Resource
                                                       Logical Resource(s)
    -------------------------------------------------  -------------------
    SLICE_X18Y6.CQ       Tcko                  0.447   U9/sw_temp<3>
                                                       U9/sw_temp_2
    SLICE_X18Y6.A4       net (fanout=1)        0.276   U9/sw_temp<2>
    SLICE_X18Y6.A        Tilo                  0.203   U9/sw_temp<3>
                                                       U9/counter_cmp_ne000132
    SLICE_X18Y6.B5       net (fanout=1)        0.851   U9/counter_cmp_ne000132/O
    SLICE_X18Y6.B        Tilo                  0.203   U9/sw_temp<3>
                                                       U9/counter_cmp_ne0001164
    SLICE_X29Y46.A6      net (fanout=2)        2.984   U9/counter_cmp_ne0001
    SLICE_X29Y46.A       Tilo                  0.259   U9/rst_counter<1>
                                                       U9/counter_or00001
    SLICE_X37Y24.D3      net (fanout=64)       2.472   U9/counter_or0000
    SLICE_X37Y24.CLK     Tas                   0.322   U9/counter<3>
                                                       U9/counter_3_rstpot
                                                       U9/counter_3
    -------------------------------------------------  ---------------------------
    Total                                      8.017ns (1.434ns logic, 6.583ns route)
                                                       (17.9% logic, 82.1% route)

--------------------------------------------------------------------------------

Paths for end point U9/counter_2 (SLICE_X37Y24.C4), 12 paths
--------------------------------------------------------------------------------
Slack (setup path):     1.801ns (requirement - (data path - clock path skew + uncertainty))
  Source:               U9/sw_temp_6 (FF)
  Destination:          U9/counter_2 (FF)
  Requirement:          10.000ns
  Data Path Delay:      8.194ns (Levels of Logic = 4)
  Clock Path Skew:      0.030ns (0.373 - 0.343)
  Source Clock:         clk_BUFGP rising at 0.000ns
  Destination Clock:    clk_BUFGP rising at 10.000ns
  Clock Uncertainty:    0.035ns

  Clock Uncertainty:          0.035ns  ((TSJ^2 + TIJ^2)^1/2 + DJ) / 2 + PE
    Total System Jitter (TSJ):  0.070ns
    Total Input Jitter (TIJ):   0.000ns
    Discrete Jitter (DJ):       0.000ns
    Phase Error (PE):           0.000ns

  Maximum Data Path at Slow Process Corner: U9/sw_temp_6 to U9/counter_2
    Location             Delay type         Delay(ns)  Physical Resource
                                                       Logical Resource(s)
    -------------------------------------------------  -------------------
    SLICE_X18Y6.CMUX     Tshcko                0.488   U9/sw_temp<3>
                                                       U9/sw_temp_6
    SLICE_X19Y6.D4       net (fanout=1)        0.863   U9/sw_temp<6>
    SLICE_X19Y6.D        Tilo                  0.259   SW_OK<7>
                                                       U9/counter_cmp_ne0001113
    SLICE_X18Y6.B3       net (fanout=1)        0.365   U9/counter_cmp_ne0001113
    SLICE_X18Y6.B        Tilo                  0.203   U9/sw_temp<3>
                                                       U9/counter_cmp_ne0001164
    SLICE_X29Y46.A6      net (fanout=2)        2.984   U9/counter_cmp_ne0001
    SLICE_X29Y46.A       Tilo                  0.259   U9/rst_counter<1>
                                                       U9/counter_or00001
    SLICE_X37Y24.C4      net (fanout=64)       2.451   U9/counter_or0000
    SLICE_X37Y24.CLK     Tas                   0.322   U9/counter<3>
                                                       U9/counter_2_rstpot
                                                       U9/counter_2
    -------------------------------------------------  ---------------------------
    Total                                      8.194ns (1.531ns logic, 6.663ns route)
                                                       (18.7% logic, 81.3% route)

--------------------------------------------------------------------------------
Slack (setup path):     1.845ns (requirement - (data path - clock path skew + uncertainty))
  Source:               U9/sw_temp_1 (FF)
  Destination:          U9/counter_2 (FF)
  Requirement:          10.000ns
  Data Path Delay:      8.150ns (Levels of Logic = 4)
  Clock Path Skew:      0.030ns (0.373 - 0.343)
  Source Clock:         clk_BUFGP rising at 0.000ns
  Destination Clock:    clk_BUFGP rising at 10.000ns
  Clock Uncertainty:    0.035ns

  Clock Uncertainty:          0.035ns  ((TSJ^2 + TIJ^2)^1/2 + DJ) / 2 + PE
    Total System Jitter (TSJ):  0.070ns
    Total Input Jitter (TIJ):   0.000ns
    Discrete Jitter (DJ):       0.000ns
    Phase Error (PE):           0.000ns

  Maximum Data Path at Slow Process Corner: U9/sw_temp_1 to U9/counter_2
    Location             Delay type         Delay(ns)  Physical Resource
                                                       Logical Resource(s)
    -------------------------------------------------  -------------------
    SLICE_X18Y6.BQ       Tcko                  0.447   U9/sw_temp<3>
                                                       U9/sw_temp_1
    SLICE_X18Y6.A2       net (fanout=1)        0.430   U9/sw_temp<1>
    SLICE_X18Y6.A        Tilo                  0.203   U9/sw_temp<3>
                                                       U9/counter_cmp_ne000132
    SLICE_X18Y6.B5       net (fanout=1)        0.851   U9/counter_cmp_ne000132/O
    SLICE_X18Y6.B        Tilo                  0.203   U9/sw_temp<3>
                                                       U9/counter_cmp_ne0001164
    SLICE_X29Y46.A6      net (fanout=2)        2.984   U9/counter_cmp_ne0001
    SLICE_X29Y46.A       Tilo                  0.259   U9/rst_counter<1>
                                                       U9/counter_or00001
    SLICE_X37Y24.C4      net (fanout=64)       2.451   U9/counter_or0000
    SLICE_X37Y24.CLK     Tas                   0.322   U9/counter<3>
                                                       U9/counter_2_rstpot
                                                       U9/counter_2
    -------------------------------------------------  ---------------------------
    Total                                      8.150ns (1.434ns logic, 6.716ns route)
                                                       (17.6% logic, 82.4% route)

--------------------------------------------------------------------------------
Slack (setup path):     1.999ns (requirement - (data path - clock path skew + uncertainty))
  Source:               U9/sw_temp_2 (FF)
  Destination:          U9/counter_2 (FF)
  Requirement:          10.000ns
  Data Path Delay:      7.996ns (Levels of Logic = 4)
  Clock Path Skew:      0.030ns (0.373 - 0.343)
  Source Clock:         clk_BUFGP rising at 0.000ns
  Destination Clock:    clk_BUFGP rising at 10.000ns
  Clock Uncertainty:    0.035ns

  Clock Uncertainty:          0.035ns  ((TSJ^2 + TIJ^2)^1/2 + DJ) / 2 + PE
    Total System Jitter (TSJ):  0.070ns
    Total Input Jitter (TIJ):   0.000ns
    Discrete Jitter (DJ):       0.000ns
    Phase Error (PE):           0.000ns

  Maximum Data Path at Slow Process Corner: U9/sw_temp_2 to U9/counter_2
    Location             Delay type         Delay(ns)  Physical Resource
                                                       Logical Resource(s)
    -------------------------------------------------  -------------------
    SLICE_X18Y6.CQ       Tcko                  0.447   U9/sw_temp<3>
                                                       U9/sw_temp_2
    SLICE_X18Y6.A4       net (fanout=1)        0.276   U9/sw_temp<2>
    SLICE_X18Y6.A        Tilo                  0.203   U9/sw_temp<3>
                                                       U9/counter_cmp_ne000132
    SLICE_X18Y6.B5       net (fanout=1)        0.851   U9/counter_cmp_ne000132/O
    SLICE_X18Y6.B        Tilo                  0.203   U9/sw_temp<3>
                                                       U9/counter_cmp_ne0001164
    SLICE_X29Y46.A6      net (fanout=2)        2.984   U9/counter_cmp_ne0001
    SLICE_X29Y46.A       Tilo                  0.259   U9/rst_counter<1>
                                                       U9/counter_or00001
    SLICE_X37Y24.C4      net (fanout=64)       2.451   U9/counter_or0000
    SLICE_X37Y24.CLK     Tas                   0.322   U9/counter<3>
                                                       U9/counter_2_rstpot
                                                       U9/counter_2
    -------------------------------------------------  ---------------------------
    Total                                      7.996ns (1.434ns logic, 6.562ns route)
                                                       (17.9% logic, 82.1% route)

--------------------------------------------------------------------------------

Paths for end point U9/counter_4 (SLICE_X37Y25.A4), 12 paths
--------------------------------------------------------------------------------
Slack (setup path):     1.851ns (requirement - (data path - clock path skew + uncertainty))
  Source:               U9/sw_temp_6 (FF)
  Destination:          U9/counter_4 (FF)
  Requirement:          10.000ns
  Data Path Delay:      8.146ns (Levels of Logic = 4)
  Clock Path Skew:      0.032ns (0.375 - 0.343)
  Source Clock:         clk_BUFGP rising at 0.000ns
  Destination Clock:    clk_BUFGP rising at 10.000ns
  Clock Uncertainty:    0.035ns

  Clock Uncertainty:          0.035ns  ((TSJ^2 + TIJ^2)^1/2 + DJ) / 2 + PE
    Total System Jitter (TSJ):  0.070ns
    Total Input Jitter (TIJ):   0.000ns
    Discrete Jitter (DJ):       0.000ns
    Phase Error (PE):           0.000ns

  Maximum Data Path at Slow Process Corner: U9/sw_temp_6 to U9/counter_4
    Location             Delay type         Delay(ns)  Physical Resource
                                                       Logical Resource(s)
    -------------------------------------------------  -------------------
    SLICE_X18Y6.CMUX     Tshcko                0.488   U9/sw_temp<3>
                                                       U9/sw_temp_6
    SLICE_X19Y6.D4       net (fanout=1)        0.863   U9/sw_temp<6>
    SLICE_X19Y6.D        Tilo                  0.259   SW_OK<7>
                                                       U9/counter_cmp_ne0001113
    SLICE_X18Y6.B3       net (fanout=1)        0.365   U9/counter_cmp_ne0001113
    SLICE_X18Y6.B        Tilo                  0.203   U9/sw_temp<3>
                                                       U9/counter_cmp_ne0001164
    SLICE_X29Y46.A6      net (fanout=2)        2.984   U9/counter_cmp_ne0001
    SLICE_X29Y46.A       Tilo                  0.259   U9/rst_counter<1>
                                                       U9/counter_or00001
    SLICE_X37Y25.A4      net (fanout=64)       2.403   U9/counter_or0000
    SLICE_X37Y25.CLK     Tas                   0.322   U9/counter<7>
                                                       U9/counter_4_rstpot
                                                       U9/counter_4
    -------------------------------------------------  ---------------------------
    Total                                      8.146ns (1.531ns logic, 6.615ns route)
                                                       (18.8% logic, 81.2% route)

--------------------------------------------------------------------------------
Slack (setup path):     1.895ns (requirement - (data path - clock path skew + uncertainty))
  Source:               U9/sw_temp_1 (FF)
  Destination:          U9/counter_4 (FF)
  Requirement:          10.000ns
  Data Path Delay:      8.102ns (Levels of Logic = 4)
  Clock Path Skew:      0.032ns (0.375 - 0.343)
  Source Clock:         clk_BUFGP rising at 0.000ns
  Destination Clock:    clk_BUFGP rising at 10.000ns
  Clock Uncertainty:    0.035ns

  Clock Uncertainty:          0.035ns  ((TSJ^2 + TIJ^2)^1/2 + DJ) / 2 + PE
    Total System Jitter (TSJ):  0.070ns
    Total Input Jitter (TIJ):   0.000ns
    Discrete Jitter (DJ):       0.000ns
    Phase Error (PE):           0.000ns

  Maximum Data Path at Slow Process Corner: U9/sw_temp_1 to U9/counter_4
    Location             Delay type         Delay(ns)  Physical Resource
                                                       Logical Resource(s)
    -------------------------------------------------  -------------------
    SLICE_X18Y6.BQ       Tcko                  0.447   U9/sw_temp<3>
                                                       U9/sw_temp_1
    SLICE_X18Y6.A2       net (fanout=1)        0.430   U9/sw_temp<1>
    SLICE_X18Y6.A        Tilo                  0.203   U9/sw_temp<3>
                                                       U9/counter_cmp_ne000132
    SLICE_X18Y6.B5       net (fanout=1)        0.851   U9/counter_cmp_ne000132/O
    SLICE_X18Y6.B        Tilo                  0.203   U9/sw_temp<3>
                                                       U9/counter_cmp_ne0001164
    SLICE_X29Y46.A6      net (fanout=2)        2.984   U9/counter_cmp_ne0001
    SLICE_X29Y46.A       Tilo                  0.259   U9/rst_counter<1>
                                                       U9/counter_or00001
    SLICE_X37Y25.A4      net (fanout=64)       2.403   U9/counter_or0000
    SLICE_X37Y25.CLK     Tas                   0.322   U9/counter<7>
                                                       U9/counter_4_rstpot
                                                       U9/counter_4
    -------------------------------------------------  ---------------------------
    Total                                      8.102ns (1.434ns logic, 6.668ns route)
                                                       (17.7% logic, 82.3% route)

--------------------------------------------------------------------------------
Slack (setup path):     2.049ns (requirement - (data path - clock path skew + uncertainty))
  Source:               U9/sw_temp_2 (FF)
  Destination:          U9/counter_4 (FF)
  Requirement:          10.000ns
  Data Path Delay:      7.948ns (Levels of Logic = 4)
  Clock Path Skew:      0.032ns (0.375 - 0.343)
  Source Clock:         clk_BUFGP rising at 0.000ns
  Destination Clock:    clk_BUFGP rising at 10.000ns
  Clock Uncertainty:    0.035ns

  Clock Uncertainty:          0.035ns  ((TSJ^2 + TIJ^2)^1/2 + DJ) / 2 + PE
    Total System Jitter (TSJ):  0.070ns
    Total Input Jitter (TIJ):   0.000ns
    Discrete Jitter (DJ):       0.000ns
    Phase Error (PE):           0.000ns

  Maximum Data Path at Slow Process Corner: U9/sw_temp_2 to U9/counter_4
    Location             Delay type         Delay(ns)  Physical Resource
                                                       Logical Resource(s)
    -------------------------------------------------  -------------------
    SLICE_X18Y6.CQ       Tcko                  0.447   U9/sw_temp<3>
                                                       U9/sw_temp_2
    SLICE_X18Y6.A4       net (fanout=1)        0.276   U9/sw_temp<2>
    SLICE_X18Y6.A        Tilo                  0.203   U9/sw_temp<3>
                                                       U9/counter_cmp_ne000132
    SLICE_X18Y6.B5       net (fanout=1)        0.851   U9/counter_cmp_ne000132/O
    SLICE_X18Y6.B        Tilo                  0.203   U9/sw_temp<3>
                                                       U9/counter_cmp_ne0001164
    SLICE_X29Y46.A6      net (fanout=2)        2.984   U9/counter_cmp_ne0001
    SLICE_X29Y46.A       Tilo                  0.259   U9/rst_counter<1>
                                                       U9/counter_or00001
    SLICE_X37Y25.A4      net (fanout=64)       2.403   U9/counter_or0000
    SLICE_X37Y25.CLK     Tas                   0.322   U9/counter<7>
                                                       U9/counter_4_rstpot
                                                       U9/counter_4
    -------------------------------------------------  ---------------------------
    Total                                      7.948ns (1.434ns logic, 6.514ns route)
                                                       (18.0% logic, 82.0% route)

--------------------------------------------------------------------------------

Hold Paths: TS_sys_clk_pin = PERIOD TIMEGRP "sys_clk_pin" 100 MHz HIGH 50%;
--------------------------------------------------------------------------------

Paths for end point U9/rst_counter_5 (SLICE_X33Y47.D6), 1 path
--------------------------------------------------------------------------------
Slack (hold path):      0.435ns (requirement - (clock path skew + uncertainty - data path))
  Source:               U9/rst_counter_5 (FF)
  Destination:          U9/rst_counter_5 (FF)
  Requirement:          0.000ns
  Data Path Delay:      0.435ns (Levels of Logic = 1)
  Clock Path Skew:      0.000ns
  Source Clock:         clk_BUFGP rising at 10.000ns
  Destination Clock:    clk_BUFGP rising at 10.000ns
  Clock Uncertainty:    0.000ns

  Minimum Data Path at Fast Process Corner: U9/rst_counter_5 to U9/rst_counter_5
    Location             Delay type         Delay(ns)  Physical Resource
                                                       Logical Resource(s)
    -------------------------------------------------  -------------------
    SLICE_X33Y47.DQ      Tcko                  0.198   U9/rst_counter<5>
                                                       U9/rst_counter_5
    SLICE_X33Y47.D6      net (fanout=2)        0.022   U9/rst_counter<5>
    SLICE_X33Y47.CLK     Tah         (-Th)    -0.215   U9/rst_counter<5>
                                                       U9/rst_counter_5_rstpot
                                                       U9/rst_counter_5
    -------------------------------------------------  ---------------------------
    Total                                      0.435ns (0.413ns logic, 0.022ns route)
                                                       (94.9% logic, 5.1% route)

--------------------------------------------------------------------------------

Paths for end point U11/count_0 (SLICE_X27Y34.A6), 1 path
--------------------------------------------------------------------------------
Slack (hold path):      0.436ns (requirement - (clock path skew + uncertainty - data path))
  Source:               U11/count_0 (FF)
  Destination:          U11/count_0 (FF)
  Requirement:          0.000ns
  Data Path Delay:      0.436ns (Levels of Logic = 1)
  Clock Path Skew:      0.000ns
  Source Clock:         clk_BUFGP rising at 10.000ns
  Destination Clock:    clk_BUFGP rising at 10.000ns
  Clock Uncertainty:    0.000ns

  Minimum Data Path at Fast Process Corner: U11/count_0 to U11/count_0
    Location             Delay type         Delay(ns)  Physical Resource
                                                       Logical Resource(s)
    -------------------------------------------------  -------------------
    SLICE_X27Y34.AQ      Tcko                  0.198   U11/count<1>
                                                       U11/count_0
    SLICE_X27Y34.A6      net (fanout=2)        0.023   U11/count<0>
    SLICE_X27Y34.CLK     Tah         (-Th)    -0.215   U11/count<1>
                                                       U11/Mcount_count_xor<0>11_INV_0
                                                       U11/count_0
    -------------------------------------------------  ---------------------------
    Total                                      0.436ns (0.413ns logic, 0.023ns route)
                                                       (94.7% logic, 5.3% route)

--------------------------------------------------------------------------------

Paths for end point U9/counter_3 (SLICE_X37Y24.D6), 1 path
--------------------------------------------------------------------------------
Slack (hold path):      0.436ns (requirement - (clock path skew + uncertainty - data path))
  Source:               U9/counter_3 (FF)
  Destination:          U9/counter_3 (FF)
  Requirement:          0.000ns
  Data Path Delay:      0.436ns (Levels of Logic = 1)
  Clock Path Skew:      0.000ns
  Source Clock:         clk_BUFGP rising at 10.000ns
  Destination Clock:    clk_BUFGP rising at 10.000ns
  Clock Uncertainty:    0.000ns

  Minimum Data Path at Fast Process Corner: U9/counter_3 to U9/counter_3
    Location             Delay type         Delay(ns)  Physical Resource
                                                       Logical Resource(s)
    -------------------------------------------------  -------------------
    SLICE_X37Y24.DQ      Tcko                  0.198   U9/counter<3>
                                                       U9/counter_3
    SLICE_X37Y24.D6      net (fanout=2)        0.023   U9/counter<3>
    SLICE_X37Y24.CLK     Tah         (-Th)    -0.215   U9/counter<3>
                                                       U9/counter_3_rstpot
                                                       U9/counter_3
    -------------------------------------------------  ---------------------------
    Total                                      0.436ns (0.413ns logic, 0.023ns route)
                                                       (94.7% logic, 5.3% route)

--------------------------------------------------------------------------------

Component Switching Limit Checks: TS_sys_clk_pin = PERIOD TIMEGRP "sys_clk_pin" 100 MHz HIGH 50%;
--------------------------------------------------------------------------------
Slack: 6.876ns (period - min period limit)
  Period: 10.000ns
  Min period limit: 3.124ns (320.102MHz) (Trper_CLKA(Fmax))
  Physical resource: U3/U0/xst_blk_mem_generator/gnativebmg.native_blk_mem_gen/valid.cstr/ramloop[1].ram.r/s6_init.ram/SP.SIMPLE_PRIM18.ram/CLKA
  Logical resource: U3/U0/xst_blk_mem_generator/gnativebmg.native_blk_mem_gen/valid.cstr/ramloop[1].ram.r/s6_init.ram/SP.SIMPLE_PRIM18.ram/CLKA
  Location pin: RAMB16_X0Y20.CLKA
  Clock network: clk_BUFGP
--------------------------------------------------------------------------------
Slack: 6.876ns (period - min period limit)
  Period: 10.000ns
  Min period limit: 3.124ns (320.102MHz) (Trper_CLKA(Fmax))
  Physical resource: U3/U0/xst_blk_mem_generator/gnativebmg.native_blk_mem_gen/valid.cstr/ramloop[0].ram.r/s6_init.ram/SP.SIMPLE_PRIM18.ram/CLKA
  Logical resource: U3/U0/xst_blk_mem_generator/gnativebmg.native_blk_mem_gen/valid.cstr/ramloop[0].ram.r/s6_init.ram/SP.SIMPLE_PRIM18.ram/CLKA
  Location pin: RAMB16_X0Y18.CLKA
  Clock network: clk_BUFGP
--------------------------------------------------------------------------------
Slack: 8.270ns (period - min period limit)
  Period: 10.000ns
  Min period limit: 1.730ns (578.035MHz) (Tbcper_I)
  Physical resource: clk_BUFGP/BUFG/I0
  Logical resource: clk_BUFGP/BUFG/I0
  Location pin: BUFGMUX_X3Y13.I0
  Clock network: clk_BUFGP/IBUFG
--------------------------------------------------------------------------------


All constraints were met.


Data Sheet report:
-----------------
All values displayed in nanoseconds (ns)

Clock to Setup on destination clock clk
---------------+---------+---------+---------+---------+
               | Src:Rise| Src:Fall| Src:Rise| Src:Fall|
Source Clock   |Dest:Rise|Dest:Rise|Dest:Fall|Dest:Fall|
---------------+---------+---------+---------+---------+
clk            |    8.220|         |         |         |
---------------+---------+---------+---------+---------+


Timing summary:
---------------

Timing errors: 0  Score: 0  (Setup/Max: 0, Hold: 0)

Constraints cover 5324 paths, 0 nets, and 495 connections

Design statistics:
   Minimum period:   8.220ns{1}   (Maximum frequency: 121.655MHz)


------------------------------------Footnotes-----------------------------------
1)  The minimum period statistic assumes all single cycle delays.

Analysis completed Sat Aug 29 16:20:03 2015 
--------------------------------------------------------------------------------

Trace Settings:
-------------------------
Trace Settings 

Peak Memory Usage: 177 MB



